[codeigniter.spruko.com/zynix/zynix/index.html]
[backblue.gif]
[fade.gif]
[index.html]
[codeigniter.spruko.com/zynix/zynix/assets/images/brand-logos/favicon.ico]
[codeigniter.spruko.com/zynix/zynix/assets/libs/choices.js/public/assets/scripts/choices.min.js]
[codeigniter.spruko.com/zynix/zynix/assets/js/main.js]
[codeigniter.spruko.com/zynix/zynix/assets/images/brand-logos/desktop-logo.png]
[codeigniter.spruko.com/zynix/zynix/assets/images/brand-logos/toggle-logo.png]
[codeigniter.spruko.com/zynix/zynix/assets/images/brand-logos/desktop-dark.png]
[codeigniter.spruko.com/zynix/zynix/assets/images/brand-logos/toggle-dark.png]
[codeigniter.spruko.com/zynix/zynix/assets/images/flags/us_flag.jpg]
[codeigniter.spruko.com/zynix/zynix/assets/images/flags/spain_flag.jpg]
[codeigniter.spruko.com/zynix/zynix/assets/images/flags/french_flag.jpg]
[codeigniter.spruko.com/zynix/zynix/assets/images/flags/uae_flag.jpg]
[codeigniter.spruko.com/zynix/zynix/assets/images/flags/germany_flag.jpg]
[codeigniter.spruko.com/zynix/zynix/assets/images/flags/china_flag.jpg]
[codeigniter.spruko.com/zynix/zynix/assets/images/ecommerce/png/1.png]
[codeigniter.spruko.com/zynix/zynix/cart.html]
[codeigniter.spruko.com/zynix/zynix/wishlist.html]
[codeigniter.spruko.com/zynix/zynix/assets/images/ecommerce/png/14.png]
[codeigniter.spruko.com/zynix/zynix/assets/images/ecommerce/png/33.png]
[codeigniter.spruko.com/zynix/zynix/assets/images/ecommerce/png/34.png]
[codeigniter.spruko.com/zynix/zynix/assets/images/ecommerce/png/31.png]
[codeigniter.spruko.com/zynix/zynix/checkout.html]
[codeigniter.spruko.com/zynix/zynix/assets/images/faces/2.jpg]
[codeigniter.spruko.com/zynix/zynix/assets/images/faces/6.jpg]
[codeigniter.spruko.com/zynix/zynix/assets/images/faces/14.jpg]
[codeigniter.spruko.com/zynix/zynix/profile.html]
[codeigniter.spruko.com/zynix/zynix/mail.html]
[codeigniter.spruko.com/zynix/zynix/todo-list.html]
[codeigniter.spruko.com/zynix/zynix/mail-settings.html]
[codeigniter.spruko.com/zynix/zynix/chat.html]
[codeigniter.spruko.com/zynix/zynix/signup-basic.html]
[codeigniter.spruko.com/zynix/zynix/index2.html]
[codeigniter.spruko.com/zynix/zynix/index3.html]
[codeigniter.spruko.com/zynix/zynix/index4.html]
[codeigniter.spruko.com/zynix/zynix/index5.html]
[codeigniter.spruko.com/zynix/zynix/index6.html]
[codeigniter.spruko.com/zynix/zynix/index7.html]
[codeigniter.spruko.com/zynix/zynix/index8.html]
[codeigniter.spruko.com/zynix/zynix/index9.html]
[codeigniter.spruko.com/zynix/zynix/index10.html]
[codeigniter.spruko.com/zynix/zynix/index11.html]
[codeigniter.spruko.com/zynix/zynix/index12.html]
[codeigniter.spruko.com/zynix/zynix/index13.html]
[codeigniter.spruko.com/zynix/zynix/index14.html]
[codeigniter.spruko.com/zynix/zynix/index15.html]
[codeigniter.spruko.com/zynix/zynix/index16.html]
[codeigniter.spruko.com/zynix/zynix/full-calendar.html]
[codeigniter.spruko.com/zynix/zynix/gallery.html]
[codeigniter.spruko.com/zynix/zynix/sweet-alerts.html]
[codeigniter.spruko.com/zynix/zynix/add-product.html]
[codeigniter.spruko.com/zynix/zynix/edit-product.html]
[codeigniter.spruko.com/zynix/zynix/order-details.html]
[codeigniter.spruko.com/zynix/zynix/orders.html]
[codeigniter.spruko.com/zynix/zynix/products.html]
[codeigniter.spruko.com/zynix/zynix/product-details.html]
[codeigniter.spruko.com/zynix/zynix/products-list.html]
[codeigniter.spruko.com/zynix/zynix/projects-list.html]
[codeigniter.spruko.com/zynix/zynix/projects-overview.html]
[codeigniter.spruko.com/zynix/zynix/projects-create.html]
[codeigniter.spruko.com/zynix/zynix/task-kanban-board.html]
[codeigniter.spruko.com/zynix/zynix/task-list-view.html]
[codeigniter.spruko.com/zynix/zynix/task-details.html]
[codeigniter.spruko.com/zynix/zynix/job-details.html]
[codeigniter.spruko.com/zynix/zynix/job-company-search.html]
[codeigniter.spruko.com/zynix/zynix/job-search.html]
[codeigniter.spruko.com/zynix/zynix/job-post.html]
[codeigniter.spruko.com/zynix/zynix/job-list.html]
[codeigniter.spruko.com/zynix/zynix/job-candidate-search.html]
[codeigniter.spruko.com/zynix/zynix/job-candidate-details.html]
[codeigniter.spruko.com/zynix/zynix/nft-marketplace.html]
[codeigniter.spruko.com/zynix/zynix/nft-details.html]
[codeigniter.spruko.com/zynix/zynix/nft-create.html]
[codeigniter.spruko.com/zynix/zynix/nft-wallet-integration.html]
[codeigniter.spruko.com/zynix/zynix/nft-live-auction.html]
[codeigniter.spruko.com/zynix/zynix/crm-contacts.html]
[codeigniter.spruko.com/zynix/zynix/crm-companies.html]
[codeigniter.spruko.com/zynix/zynix/crm-deals.html]
[codeigniter.spruko.com/zynix/zynix/crm-leads.html]
[codeigniter.spruko.com/zynix/zynix/crypto-transactions.html]
[codeigniter.spruko.com/zynix/zynix/crypto-currency-exchange.html]
[codeigniter.spruko.com/zynix/zynix/crypto-buy-sell.html]
[codeigniter.spruko.com/zynix/zynix/crypto-marketcap.html]
[codeigniter.spruko.com/zynix/zynix/crypto-wallet.html]
[codeigniter.spruko.com/zynix/zynix/comingsoon.html]
[codeigniter.spruko.com/zynix/zynix/create-password-basic.html]
[codeigniter.spruko.com/zynix/zynix/create-password-cover.html]
[codeigniter.spruko.com/zynix/zynix/lockscreen-basic.html]
[codeigniter.spruko.com/zynix/zynix/lockscreen-cover.html]
[codeigniter.spruko.com/zynix/zynix/reset-password-basic.html]
[codeigniter.spruko.com/zynix/zynix/reset-password-cover.html]
[codeigniter.spruko.com/zynix/zynix/signup-cover.html]
[codeigniter.spruko.com/zynix/zynix/signin-basic.html]
[codeigniter.spruko.com/zynix/zynix/signin-cover.html]
[codeigniter.spruko.com/zynix/zynix/twostep-verification-basic.html]
[codeigniter.spruko.com/zynix/zynix/twostep-verification-cover.html]
[codeigniter.spruko.com/zynix/zynix/under-maintenance.html]
[codeigniter.spruko.com/zynix/zynix/error401.html]
[codeigniter.spruko.com/zynix/zynix/error404.html]
[codeigniter.spruko.com/zynix/zynix/error500.html]
[codeigniter.spruko.com/zynix/zynix/blog.html]
[codeigniter.spruko.com/zynix/zynix/blog-details.html]
[codeigniter.spruko.com/zynix/zynix/blog-create.html]
[codeigniter.spruko.com/zynix/zynix/empty.html]
[codeigniter.spruko.com/zynix/zynix/faqs.html]
[codeigniter.spruko.com/zynix/zynix/file-manager.html]
[codeigniter.spruko.com/zynix/zynix/invoice-create.html]
[codeigniter.spruko.com/zynix/zynix/invoice-details.html]
[codeigniter.spruko.com/zynix/zynix/invoice-list.html]
[codeigniter.spruko.com/zynix/zynix/pricing.html]
[codeigniter.spruko.com/zynix/zynix/profile-settings.html]
[codeigniter.spruko.com/zynix/zynix/landing.html]
[codeigniter.spruko.com/zynix/zynix/reviews.html]
[codeigniter.spruko.com/zynix/zynix/search-results.html]
[codeigniter.spruko.com/zynix/zynix/team.html]
[codeigniter.spruko.com/zynix/zynix/terms-conditions.html]
[codeigniter.spruko.com/zynix/zynix/timeline.html]
[codeigniter.spruko.com/zynix/zynix/form-advanced.html]
[codeigniter.spruko.com/zynix/zynix/form-inputs.html]
[codeigniter.spruko.com/zynix/zynix/form-check-radios.html]
[codeigniter.spruko.com/zynix/zynix/form-input-group.html]
[codeigniter.spruko.com/zynix/zynix/form-select.html]
[codeigniter.spruko.com/zynix/zynix/form-range.html]
[codeigniter.spruko.com/zynix/zynix/form-input-masks.html]
[codeigniter.spruko.com/zynix/zynix/form-file-uploads.html]
[codeigniter.spruko.com/zynix/zynix/form-datetime-pickers.html]
[codeigniter.spruko.com/zynix/zynix/form-color-pickers.html]
[codeigniter.spruko.com/zynix/zynix/floating-labels.html]
[codeigniter.spruko.com/zynix/zynix/form-layout.html]
[codeigniter.spruko.com/zynix/zynix/form-wizards.html]
[codeigniter.spruko.com/zynix/zynix/quill-editor.html]
[codeigniter.spruko.com/zynix/zynix/form-validation.html]
[codeigniter.spruko.com/zynix/zynix/form-select2.html]
[codeigniter.spruko.com/zynix/zynix/alerts.html]
[codeigniter.spruko.com/zynix/zynix/badge.html]
[codeigniter.spruko.com/zynix/zynix/breadcrumb.html]
[codeigniter.spruko.com/zynix/zynix/buttons.html]
[codeigniter.spruko.com/zynix/zynix/buttongroup.html]
[codeigniter.spruko.com/zynix/zynix/cards.html]
[codeigniter.spruko.com/zynix/zynix/dropdowns.html]
[codeigniter.spruko.com/zynix/zynix/images-figures.html]
[codeigniter.spruko.com/zynix/zynix/links-interactions.html]
[codeigniter.spruko.com/zynix/zynix/listgroup.html]
[codeigniter.spruko.com/zynix/zynix/navs-tabs.html]
[codeigniter.spruko.com/zynix/zynix/object-fit.html]
[codeigniter.spruko.com/zynix/zynix/pagination.html]
[codeigniter.spruko.com/zynix/zynix/popovers.html]
[codeigniter.spruko.com/zynix/zynix/progress.html]
[codeigniter.spruko.com/zynix/zynix/spinners.html]
[codeigniter.spruko.com/zynix/zynix/toasts.html]
[codeigniter.spruko.com/zynix/zynix/tooltips.html]
[codeigniter.spruko.com/zynix/zynix/typography.html]
[codeigniter.spruko.com/zynix/zynix/accordions-collapse.html]
[codeigniter.spruko.com/zynix/zynix/carousel.html]
[codeigniter.spruko.com/zynix/zynix/draggable-cards.html]
[codeigniter.spruko.com/zynix/zynix/media-player.html]
[codeigniter.spruko.com/zynix/zynix/modals-closes.html]
[codeigniter.spruko.com/zynix/zynix/navbar.html]
[codeigniter.spruko.com/zynix/zynix/offcanvas.html]
[codeigniter.spruko.com/zynix/zynix/placeholders.html]
[codeigniter.spruko.com/zynix/zynix/ratings.html]
[codeigniter.spruko.com/zynix/zynix/ribbons.html]
[codeigniter.spruko.com/zynix/zynix/scrollspy.html]
[codeigniter.spruko.com/zynix/zynix/sortable-list.html]
[codeigniter.spruko.com/zynix/zynix/swiperjs.html]
[codeigniter.spruko.com/zynix/zynix/tour.html]
[codeigniter.spruko.com/zynix/zynix/treeview.html]
[codeigniter.spruko.com/zynix/zynix/avatars.html]
[codeigniter.spruko.com/zynix/zynix/borders.html]
[codeigniter.spruko.com/zynix/zynix/breakpoints.html]
[codeigniter.spruko.com/zynix/zynix/colors.html]
[codeigniter.spruko.com/zynix/zynix/columns.html]
[codeigniter.spruko.com/zynix/zynix/css-grid.html]
[codeigniter.spruko.com/zynix/zynix/flex.html]
[codeigniter.spruko.com/zynix/zynix/gutters.html]
[codeigniter.spruko.com/zynix/zynix/helpers.html]
[codeigniter.spruko.com/zynix/zynix/position.html]
[codeigniter.spruko.com/zynix/zynix/more.html]
[codeigniter.spruko.com/zynix/zynix/widgets.html]
[codeigniter.spruko.com/zynix/zynix/vector-maps.html]
[codeigniter.spruko.com/zynix/zynix/leaflet-maps.html]
[codeigniter.spruko.com/zynix/zynix/google-maps.html]
[codeigniter.spruko.com/zynix/zynix/icons.html]
[codeigniter.spruko.com/zynix/zynix/apex-line-charts.html]
[codeigniter.spruko.com/zynix/zynix/apex-area-charts.html]
[codeigniter.spruko.com/zynix/zynix/apex-column-charts.html]
[codeigniter.spruko.com/zynix/zynix/apex-bar-charts.html]
[codeigniter.spruko.com/zynix/zynix/apex-mixed-charts.html]
[codeigniter.spruko.com/zynix/zynix/apex-rangearea-charts.html]
[codeigniter.spruko.com/zynix/zynix/apex-timeline-charts.html]
[codeigniter.spruko.com/zynix/zynix/apex-funnel-charts.html]
[codeigniter.spruko.com/zynix/zynix/apex-candlestick-charts.html]
[codeigniter.spruko.com/zynix/zynix/apex-boxplot-charts.html]
[codeigniter.spruko.com/zynix/zynix/apex-bubble-charts.html]
[codeigniter.spruko.com/zynix/zynix/apex-scatter-charts.html]
[codeigniter.spruko.com/zynix/zynix/apex-heatmap-charts.html]
[codeigniter.spruko.com/zynix/zynix/apex-treemap-charts.html]
[codeigniter.spruko.com/zynix/zynix/apex-pie-charts.html]
[codeigniter.spruko.com/zynix/zynix/apex-radialbar-charts.html]
[codeigniter.spruko.com/zynix/zynix/apex-radar-charts.html]
[codeigniter.spruko.com/zynix/zynix/apex-polararea-charts.html]
[codeigniter.spruko.com/zynix/zynix/chartjs-charts.html]
[codeigniter.spruko.com/zynix/zynix/echarts.html]
[codeigniter.spruko.com/zynix/zynix/tables.html]
[codeigniter.spruko.com/zynix/zynix/grid-tables.html]
[codeigniter.spruko.com/zynix/zynix/data-tables.html]
[codeigniter.spruko.com/zynix/zynix/assets/images/flags/mexico_flag.jpg]
[codeigniter.spruko.com/zynix/zynix/assets/images/flags/argentina_flag.jpg]
[codeigniter.spruko.com/zynix/zynix/assets/images/flags/russia_flag.jpg]
[codeigniter.spruko.com/zynix/zynix/assets/images/faces/1.jpg]
[codeigniter.spruko.com/zynix/zynix/assets/images/ecommerce/png/36.png]
[codeigniter.spruko.com/zynix/zynix/assets/images/faces/10.jpg]
[codeigniter.spruko.com/zynix/zynix/assets/images/faces/3.jpg]
[codeigniter.spruko.com/zynix/zynix/assets/images/ecommerce/png/13.png]
[codeigniter.spruko.com/zynix/zynix/assets/images/faces/11.jpg]
[codeigniter.spruko.com/zynix/zynix/assets/images/browsers/chrome.png]
[codeigniter.spruko.com/zynix/zynix/assets/images/browsers/edge.png]
[codeigniter.spruko.com/zynix/zynix/assets/images/browsers/firefox.png]
[codeigniter.spruko.com/zynix/zynix/assets/images/browsers/safari.png]
[codeigniter.spruko.com/zynix/zynix/assets/images/browsers/uc.png]
[codeigniter.spruko.com/zynix/zynix/assets/images/browsers/opera.png]
[codeigniter.spruko.com/zynix/zynix/assets/images/browsers/samsung-internet.png]
[codeigniter.spruko.com/zynix/zynix/assets/libs/@popperjs/core/umd/popper.min.js]
[codeigniter.spruko.com/zynix/zynix/assets/libs/bootstrap/js/bootstrap.bundle.min.js]
[codeigniter.spruko.com/zynix/zynix/assets/libs/node-waves/waves.min.js]
[codeigniter.spruko.com/zynix/zynix/assets/libs/simplebar/simplebar.min.js]
[codeigniter.spruko.com/zynix/zynix/assets/js/simplebar.js]
[codeigniter.spruko.com/zynix/zynix/assets/libs/flatpickr/flatpickr.min.js]
[codeigniter.spruko.com/zynix/zynix/assets/libs/@simonwep/pickr/pickr.es5.min.js]
[codeigniter.spruko.com/zynix/zynix/assets/libs/@tarekraafat/autocomplete.js/autoComplete.min.js]
[codeigniter.spruko.com/zynix/zynix/assets/libs/apexcharts/apexcharts.min.js]
[codeigniter.spruko.com/zynix/zynix/assets/js/sales-dashboard.js]
[codeigniter.spruko.com/zynix/zynix/assets/js/sticky.js]
[codeigniter.spruko.com/zynix/zynix/assets/js/defaultmenu.js]
[codeigniter.spruko.com/zynix/zynix/assets/js/custom.js]
[codeigniter.spruko.com/zynix/zynix/assets/js/custom-switcher.js]
[codeigniter.spruko.com/zynix/zynix/index.html]
[codeigniter.spruko.com/zynix/zynix/assets/libs/bootstrap/css/bootstrap.min.css]
[codeigniter.spruko.com/zynix/zynix/assets/images/menu-bg-images/bg-img1.jpg]
[codeigniter.spruko.com/zynix/zynix/assets/images/menu-bg-images/bg-img2.jpg]
[codeigniter.spruko.com/zynix/zynix/assets/images/menu-bg-images/bg-img3.jpg]
[codeigniter.spruko.com/zynix/zynix/assets/images/menu-bg-images/bg-img4.jpg]
[codeigniter.spruko.com/zynix/zynix/assets/images/menu-bg-images/bg-img5.jpg]
[codeigniter.spruko.com/zynix/zynix/assets/images/media/backgrounds/6.jpg]
[codeigniter.spruko.com/zynix/zynix/assets/images/menu-bg-images/transparent.png]
[codeigniter.spruko.com/zynix/zynix/assets/images/media/backgrounds/5.png]
[codeigniter.spruko.com/zynix/zynix/assets/images/ecommerce/png/43.png]
[codeigniter.spruko.com/zynix/zynix/assets/images/media/backgrounds/2.png]
[codeigniter.spruko.com/zynix/zynix/assets/images/media/media-77.jpg]
[codeigniter.spruko.com/zynix/zynix/assets/images/nft-images/38.jpg]
[codeigniter.spruko.com/zynix/zynix/assets/images/media/backgrounds/4.png]
[codeigniter.spruko.com/zynix/zynix/assets/images/media/media-70.jpg]
[codeigniter.spruko.com/zynix/zynix/assets/images/media/media-73.jpg]
[codeigniter.spruko.com/zynix/zynix/assets/images/ecommerce/jpg/24.jpg]
[codeigniter.spruko.com/zynix/zynix/assets/images/media/backgrounds/1.png]
[codeigniter.spruko.com/zynix/zynix/assets/images/media/media-72.png]
[codeigniter.spruko.com/zynix/zynix/assets/css/styles.css]
[codeigniter.spruko.com/zynix/zynix/assets/icon-fonts/icons.css]
[codeigniter.spruko.com/zynix/zynix/assets/libs/node-waves/waves.min.css]
[codeigniter.spruko.com/zynix/zynix/assets/libs/simplebar/simplebar.min.css]
[codeigniter.spruko.com/zynix/zynix/assets/libs/flatpickr/flatpickr.min.css]
[codeigniter.spruko.com/zynix/zynix/assets/libs/@simonwep/pickr/themes/nano.min.css]
[codeigniter.spruko.com/zynix/zynix/assets/libs/@tarekraafat/autocomplete.js/css/autoComplete.css]
[codeigniter.spruko.com/zynix/zynix/assets/libs/choices.js/public/assets/styles/choices.min.css]
[codeigniter.spruko.com/zynix/zynix/assets/images/media/loader.svg]
[codeigniter.spruko.com/zynix/zynix/assets/images/ecommerce/png/37.png]
[codeigniter.spruko.com/zynix/zynix/assets/libs/sweetalert2/sweetalert2.min.js]
[codeigniter.spruko.com/zynix/zynix/assets/js/cart.js]
[codeigniter.spruko.com/zynix/zynix/cart.html]
[codeigniter.spruko.com/zynix/zynix/assets/images/ecommerce/jpg/06.jpg]
[codeigniter.spruko.com/zynix/zynix/assets/images/ecommerce/jpg/12.jpg]
[codeigniter.spruko.com/zynix/zynix/assets/images/ecommerce/jpg/05.jpg]
[codeigniter.spruko.com/zynix/zynix/assets/images/ecommerce/jpg/3.jpg]
[codeigniter.spruko.com/zynix/zynix/assets/images/ecommerce/jpg/15.jpg]
[codeigniter.spruko.com/zynix/zynix/assets/images/ecommerce/jpg/1.jpg]
[codeigniter.spruko.com/zynix/zynix/assets/images/ecommerce/jpg/07.jpg]
[codeigniter.spruko.com/zynix/zynix/assets/images/ecommerce/jpg/9.jpg]
[codeigniter.spruko.com/zynix/zynix/assets/images/ecommerce/jpg/08.jpg]
[codeigniter.spruko.com/zynix/zynix/assets/images/ecommerce/jpg/17.jpg]
[codeigniter.spruko.com/zynix/zynix/assets/images/ecommerce/jpg/02.jpg]
[codeigniter.spruko.com/zynix/zynix/assets/images/ecommerce/jpg/2.jpg]
[codeigniter.spruko.com/zynix/zynix/wishlist.html]
[codeigniter.spruko.com/zynix/zynix/assets/images/ecommerce/png/21.png]
[codeigniter.spruko.com/zynix/zynix/assets/images/ecommerce/png/22.png]
[codeigniter.spruko.com/zynix/zynix/assets/images/ecommerce/png/25.png]
[codeigniter.spruko.com/zynix/zynix/assets/js/checkout.js]
[codeigniter.spruko.com/zynix/zynix/checkout.html]
[codeigniter.spruko.com/zynix/zynix/assets/images/media/media-74.jpg]
[codeigniter.spruko.com/zynix/zynix/assets/images/faces/5.jpg]
[codeigniter.spruko.com/zynix/zynix/twitter.com/wcsrm.me]
[codeigniter.spruko.com/zynix/zynix/assets/images/media/media-40.jpg]
[codeigniter.spruko.com/zynix/zynix/assets/images/media/media-41.jpg]
[codeigniter.spruko.com/zynix/zynix/assets/images/media/media-42.jpg]
[codeigniter.spruko.com/zynix/zynix/assets/images/media/media-43.jpg]
[codeigniter.spruko.com/zynix/zynix/assets/images/media/media-44.jpg]
[codeigniter.spruko.com/zynix/zynix/assets/images/media/media-45.jpg]
[codeigniter.spruko.com/zynix/zynix/assets/images/media/media-46.jpg]
[codeigniter.spruko.com/zynix/zynix/assets/images/media/media-60.jpg]
[codeigniter.spruko.com/zynix/zynix/assets/images/media/media-26.jpg]
[codeigniter.spruko.com/zynix/zynix/assets/images/media/media-32.jpg]
[codeigniter.spruko.com/zynix/zynix/assets/images/media/media-30.jpg]
[codeigniter.spruko.com/zynix/zynix/assets/images/media/media-31.jpg]
[codeigniter.spruko.com/zynix/zynix/assets/images/media/media-59.jpg]
[codeigniter.spruko.com/zynix/zynix/assets/images/media/media-61.jpg]
[codeigniter.spruko.com/zynix/zynix/assets/images/faces/15.jpg]
[codeigniter.spruko.com/zynix/zynix/assets/images/faces/7.jpg]
[codeigniter.spruko.com/zynix/zynix/assets/images/faces/12.jpg]
[codeigniter.spruko.com/zynix/zynix/assets/images/faces/13.jpg]
[codeigniter.spruko.com/zynix/zynix/assets/libs/glightbox/js/glightbox.min.js]
[codeigniter.spruko.com/zynix/zynix/assets/js/profile.js]
[codeigniter.spruko.com/zynix/zynix/profile.html]
[codeigniter.spruko.com/zynix/zynix/assets/libs/quill/quill.js]
[codeigniter.spruko.com/zynix/zynix/assets/js/mail.js]
[codeigniter.spruko.com/zynix/zynix/mail.html]
[codeigniter.spruko.com/zynix/zynix/assets/images/media/media-76.png]
[codeigniter.spruko.com/zynix/zynix/assets/libs/dragula/dragula.min.js]
[codeigniter.spruko.com/zynix/zynix/assets/js/todolist.js]
[codeigniter.spruko.com/zynix/zynix/todo-list.html]
[codeigniter.spruko.com/zynix/zynix/assets/images/faces/9.jpg]
[codeigniter.spruko.com/zynix/zynix/assets/js/mail-settings.js]
[codeigniter.spruko.com/zynix/zynix/mail-settings.html]
[codeigniter.spruko.com/zynix/zynix/assets/images/faces/4.jpg]
[codeigniter.spruko.com/zynix/zynix/assets/images/faces/8.jpg]
[codeigniter.spruko.com/zynix/zynix/assets/images/faces/17.jpg]
[codeigniter.spruko.com/zynix/zynix/assets/images/faces/18.jpg]
[codeigniter.spruko.com/zynix/zynix/assets/images/faces/19.jpg]
[codeigniter.spruko.com/zynix/zynix/assets/images/faces/20.jpg]
[codeigniter.spruko.com/zynix/zynix/assets/images/faces/21.jpg]
[codeigniter.spruko.com/zynix/zynix/assets/images/faces/16.jpg]
[codeigniter.spruko.com/zynix/zynix/assets/libs/fg-emoji-picker/fgEmojiPicker.js]
[codeigniter.spruko.com/zynix/zynix/assets/js/chat.js]
[codeigniter.spruko.com/zynix/zynix/chat.html]
[codeigniter.spruko.com/zynix/zynix/assets/js/authentication-main.js]
[codeigniter.spruko.com/zynix/zynix/assets/libs/particles.js/particles.js]
[codeigniter.spruko.com/zynix/zynix/assets/js/basic-password.js]
[codeigniter.spruko.com/zynix/zynix/assets/js/show-password.js]
[codeigniter.spruko.com/zynix/zynix/signup-basic.html]
[codeigniter.spruko.com/zynix/zynix/assets/images/flags/canada_flag.jpg]
[codeigniter.spruko.com/zynix/zynix/assets/images/flags/india_flag.jpg]
[codeigniter.spruko.com/zynix/zynix/assets/images/flags/italy_flag.jpg]
[codeigniter.spruko.com/zynix/zynix/assets/js/analytics-dashboard.js]
[codeigniter.spruko.com/zynix/zynix/index2.html]
[codeigniter.spruko.com/zynix/zynix/assets/images/ecommerce/png/42.png]
[codeigniter.spruko.com/zynix/zynix/assets/images/ecommerce/jpg/03.jpg]
[codeigniter.spruko.com/zynix/zynix/assets/images/ecommerce/jpg/04.jpg]
[codeigniter.spruko.com/zynix/zynix/assets/js/ecommerce-dashboard.js]
[codeigniter.spruko.com/zynix/zynix/index3.html]
[codeigniter.spruko.com/zynix/zynix/assets/images/company-logos/1.png]
[codeigniter.spruko.com/zynix/zynix/assets/images/company-logos/8.png]
[codeigniter.spruko.com/zynix/zynix/assets/images/company-logos/9.png]
[codeigniter.spruko.com/zynix/zynix/assets/js/crm-dashboard.js]
[codeigniter.spruko.com/zynix/zynix/index4.html]
[codeigniter.spruko.com/zynix/zynix/assets/libs/swiper/swiper-bundle.min.js]
[codeigniter.spruko.com/zynix/zynix/assets/js/crypto-dashboard.js]
[codeigniter.spruko.com/zynix/zynix/index5.html]
[codeigniter.spruko.com/zynix/zynix/assets/images/nft-images/1.png]
[codeigniter.spruko.com/zynix/zynix/assets/images/nft-images/3.jpg]
[codeigniter.spruko.com/zynix/zynix/assets/images/nft-images/4.jpg]
[codeigniter.spruko.com/zynix/zynix/assets/images/nft-images/5.jpg]
[codeigniter.spruko.com/zynix/zynix/assets/images/nft-images/2.jpg]
[codeigniter.spruko.com/zynix/zynix/assets/images/nft-images/06.jpg]
[codeigniter.spruko.com/zynix/zynix/assets/images/nft-images/07.jpg]
[codeigniter.spruko.com/zynix/zynix/assets/images/nft-images/08.jpg]
[codeigniter.spruko.com/zynix/zynix/assets/images/nft-images/09.jpg]
[codeigniter.spruko.com/zynix/zynix/assets/images/nft-images/11.jpg]
[codeigniter.spruko.com/zynix/zynix/assets/images/nft-images/12.jpg]
[codeigniter.spruko.com/zynix/zynix/assets/images/nft-images/13.jpg]
[codeigniter.spruko.com/zynix/zynix/assets/images/nft-images/14.jpg]
[codeigniter.spruko.com/zynix/zynix/assets/images/nft-images/10.jpg]
[codeigniter.spruko.com/zynix/zynix/assets/images/nft-images/15.jpg]
[codeigniter.spruko.com/zynix/zynix/assets/images/nft-images/17.jpg]
[codeigniter.spruko.com/zynix/zynix/assets/images/nft-images/16.jpg]
[codeigniter.spruko.com/zynix/zynix/assets/images/nft-images/02.jpg]
[codeigniter.spruko.com/zynix/zynix/assets/images/nft-images/03.jpg]
[codeigniter.spruko.com/zynix/zynix/assets/images/nft-images/04.jpg]
[codeigniter.spruko.com/zynix/zynix/assets/images/nft-images/05.jpg]
[codeigniter.spruko.com/zynix/zynix/assets/images/nft-images/19.jpg]
[codeigniter.spruko.com/zynix/zynix/assets/images/nft-images/20.jpg]
[codeigniter.spruko.com/zynix/zynix/assets/js/nft-dashboard.js]
[codeigniter.spruko.com/zynix/zynix/index6.html]
[codeigniter.spruko.com/zynix/zynix/assets/images/company-logos/2.png]
[codeigniter.spruko.com/zynix/zynix/assets/images/company-logos/7.png]
[codeigniter.spruko.com/zynix/zynix/assets/images/company-logos/4.png]
[codeigniter.spruko.com/zynix/zynix/assets/images/company-logos/3.png]
[codeigniter.spruko.com/zynix/zynix/assets/images/company-logos/5.png]
[codeigniter.spruko.com/zynix/zynix/assets/images/company-logos/6.png]
[codeigniter.spruko.com/zynix/zynix/assets/js/projects-dashboard.js]
[codeigniter.spruko.com/zynix/zynix/index7.html]
[codeigniter.spruko.com/zynix/zynix/assets/js/jobs-dashboard.js]
[codeigniter.spruko.com/zynix/zynix/index8.html]
[codeigniter.spruko.com/zynix/zynix/assets/js/hrm-dashboard.js]
[codeigniter.spruko.com/zynix/zynix/index9.html]
[codeigniter.spruko.com/zynix/zynix/assets/images/media/media-67.png]
[codeigniter.spruko.com/zynix/zynix/assets/images/media/media-1.jpg]
[codeigniter.spruko.com/zynix/zynix/assets/images/media/media-4.jpg]
[codeigniter.spruko.com/zynix/zynix/assets/images/media/media-10.jpg]
[codeigniter.spruko.com/zynix/zynix/assets/images/media/media-15.jpg]
[codeigniter.spruko.com/zynix/zynix/assets/images/media/media-23.jpg]
[codeigniter.spruko.com/zynix/zynix/assets/js/courses-dashboard.js]
[codeigniter.spruko.com/zynix/zynix/index10.html]
[codeigniter.spruko.com/zynix/zynix/assets/images/media/apps/apple.png]
[codeigniter.spruko.com/zynix/zynix/assets/images/media/apps/google.png]
[codeigniter.spruko.com/zynix/zynix/assets/images/media/apps/microsoft.png]
[codeigniter.spruko.com/zynix/zynix/assets/images/media/apps/amazon.png]
[codeigniter.spruko.com/zynix/zynix/assets/images/media/apps/tesla.png]
[codeigniter.spruko.com/zynix/zynix/assets/images/media/apps/facebook.png]
[codeigniter.spruko.com/zynix/zynix/assets/js/stocks-dashboard.js]
[codeigniter.spruko.com/zynix/zynix/index11.html]
[codeigniter.spruko.com/zynix/zynix/assets/images/media/backgrounds/3.png]
[codeigniter.spruko.com/zynix/zynix/assets/images/faces/doctors/1.jpg]
[codeigniter.spruko.com/zynix/zynix/assets/images/faces/doctors/2.jpg]
[codeigniter.spruko.com/zynix/zynix/assets/images/faces/doctors/3.jpg]
[codeigniter.spruko.com/zynix/zynix/assets/images/faces/doctors/4.jpg]
[codeigniter.spruko.com/zynix/zynix/assets/images/faces/doctors/5.jpg]
[codeigniter.spruko.com/zynix/zynix/assets/images/faces/doctors/6.jpg]
[codeigniter.spruko.com/zynix/zynix/assets/js/medical-dashboard.js]
[codeigniter.spruko.com/zynix/zynix/index12.html]
[codeigniter.spruko.com/zynix/zynix/assets/images/pos-system/1.jpg]
[codeigniter.spruko.com/zynix/zynix/assets/images/pos-system/2.jpg]
[codeigniter.spruko.com/zynix/zynix/assets/images/pos-system/3.jpg]
[codeigniter.spruko.com/zynix/zynix/assets/images/pos-system/4.jpg]
[codeigniter.spruko.com/zynix/zynix/assets/images/pos-system/5.jpg]
[codeigniter.spruko.com/zynix/zynix/assets/images/pos-system/6.jpg]
[codeigniter.spruko.com/zynix/zynix/assets/images/pos-system/7.jpg]
[codeigniter.spruko.com/zynix/zynix/assets/images/pos-system/8.jpg]
[codeigniter.spruko.com/zynix/zynix/assets/images/pos-system/10.jpg]
[codeigniter.spruko.com/zynix/zynix/assets/libs/isotope-layout/isotope.pkgd.min.js]
[codeigniter.spruko.com/zynix/zynix/assets/js/pos-dashboard.js]
[codeigniter.spruko.com/zynix/zynix/index13.html]
[codeigniter.spruko.com/zynix/zynix/assets/images/media/media-62.jpg]
[codeigniter.spruko.com/zynix/zynix/assets/images/media/media-71.jpg]
[codeigniter.spruko.com/zynix/zynix/assets/images/podcast/1.png]
[codeigniter.spruko.com/zynix/zynix/assets/images/podcast/2.png]
[codeigniter.spruko.com/zynix/zynix/assets/images/podcast/3.png]
[codeigniter.spruko.com/zynix/zynix/assets/images/podcast/4.png]
[codeigniter.spruko.com/zynix/zynix/assets/images/podcast/5.png]
[codeigniter.spruko.com/zynix/zynix/assets/images/podcast/6.png]
[codeigniter.spruko.com/zynix/zynix/assets/images/podcast/7.png]
[codeigniter.spruko.com/zynix/zynix/assets/images/podcast/8.png]
[codeigniter.spruko.com/zynix/zynix/assets/images/podcast/11.jpg]
[codeigniter.spruko.com/zynix/zynix/assets/images/podcast/12.jpg]
[codeigniter.spruko.com/zynix/zynix/assets/images/podcast/14.jpg]
[codeigniter.spruko.com/zynix/zynix/assets/images/podcast/13.jpg]
[codeigniter.spruko.com/zynix/zynix/assets/images/podcast/15.jpg]
[codeigniter.spruko.com/zynix/zynix/assets/js/podcast-dashboard.js]
[codeigniter.spruko.com/zynix/zynix/index14.html]
[codeigniter.spruko.com/zynix/zynix/assets/js/school-dashboard.js]
[codeigniter.spruko.com/zynix/zynix/index15.html]
[codeigniter.spruko.com/zynix/zynix/assets/js/social-media-dashboard.js]
[codeigniter.spruko.com/zynix/zynix/index16.html]
[codeigniter.spruko.com/zynix/zynix/assets/libs/moment/moment.js]
[codeigniter.spruko.com/zynix/zynix/assets/libs/fullcalendar/index.global.min.js]
[codeigniter.spruko.com/zynix/zynix/assets/js/fullcalendar.js]
[codeigniter.spruko.com/zynix/zynix/full-calendar.html]
[codeigniter.spruko.com/zynix/zynix/assets/images/media/media-47.jpg]
[codeigniter.spruko.com/zynix/zynix/assets/js/gallery.js]
[codeigniter.spruko.com/zynix/zynix/gallery.html]
[codeigniter.spruko.com/zynix/zynix/assets/js/sweet-alerts.js]
[codeigniter.spruko.com/zynix/zynix/sweet-alerts.html]
[codeigniter.spruko.com/zynix/zynix/assets/libs/filepond/filepond.min.js]
[codeigniter.spruko.com/zynix/zynix/assets/libs/filepond-plugin-image-preview/filepond-plugin-image-preview.min.js]
[codeigniter.spruko.com/zynix/zynix/assets/libs/filepond-plugin-image-exif-orientation/filepond-plugin-image-exif-orientation.min.js]
[codeigniter.spruko.com/zynix/zynix/assets/libs/filepond-plugin-file-validate-size/filepond-plugin-file-validate-size.min.js]
[codeigniter.spruko.com/zynix/zynix/assets/libs/filepond-plugin-file-encode/filepond-plugin-file-encode.min.js]
[codeigniter.spruko.com/zynix/zynix/assets/libs/filepond-plugin-image-edit/filepond-plugin-image-edit.min.js]
[codeigniter.spruko.com/zynix/zynix/assets/libs/filepond-plugin-file-validate-type/filepond-plugin-file-validate-type.min.js]
[codeigniter.spruko.com/zynix/zynix/assets/libs/filepond-plugin-image-crop/filepond-plugin-image-crop.min.js]
[codeigniter.spruko.com/zynix/zynix/assets/libs/filepond-plugin-image-resize/filepond-plugin-image-resize.min.js]
[codeigniter.spruko.com/zynix/zynix/assets/libs/filepond-plugin-image-transform/filepond-plugin-image-transform.min.js]
[codeigniter.spruko.com/zynix/zynix/assets/js/add-products.js]
[codeigniter.spruko.com/zynix/zynix/add-product.html]
[codeigniter.spruko.com/zynix/zynix/assets/js/edit-products.js]
[codeigniter.spruko.com/zynix/zynix/edit-product.html]
[codeigniter.spruko.com/zynix/zynix/assets/images/ecommerce/jpg/6.jpg]
[codeigniter.spruko.com/zynix/zynix/assets/images/ecommerce/jpg/8.jpg]
[codeigniter.spruko.com/zynix/zynix/order-details.html]
[codeigniter.spruko.com/zynix/zynix/assets/images/ecommerce/jpg/16.jpg]
[codeigniter.spruko.com/zynix/zynix/assets/images/ecommerce/jpg/10.jpg]
[codeigniter.spruko.com/zynix/zynix/assets/images/ecommerce/jpg/13.jpg]
[codeigniter.spruko.com/zynix/zynix/orders.html]
[codeigniter.spruko.com/zynix/zynix/assets/images/ecommerce/png/10.png]
[codeigniter.spruko.com/zynix/zynix/assets/images/ecommerce/png/35.png]
[codeigniter.spruko.com/zynix/zynix/assets/libs/nouislider/nouislider.min.js]
[codeigniter.spruko.com/zynix/zynix/assets/libs/wnumb/wNumb.min.js]
[codeigniter.spruko.com/zynix/zynix/assets/js/products.js]
[codeigniter.spruko.com/zynix/zynix/products.html]
[codeigniter.spruko.com/zynix/zynix/assets/images/ecommerce/png/5.png]
[codeigniter.spruko.com/zynix/zynix/assets/images/ecommerce/png/4.png]
[codeigniter.spruko.com/zynix/zynix/assets/images/ecommerce/png/3.png]
[codeigniter.spruko.com/zynix/zynix/assets/images/ecommerce/png/2.png]
[codeigniter.spruko.com/zynix/zynix/assets/images/ecommerce/png/38.png]
[codeigniter.spruko.com/zynix/zynix/assets/images/ecommerce/png/39.png]
[codeigniter.spruko.com/zynix/zynix/assets/images/ecommerce/png/40.png]
[codeigniter.spruko.com/zynix/zynix/assets/images/ecommerce/png/41.png]
[codeigniter.spruko.com/zynix/zynix/assets/images/ecommerce/jpg/19.jpg]
[codeigniter.spruko.com/zynix/zynix/assets/images/ecommerce/jpg/20.jpg]
[codeigniter.spruko.com/zynix/zynix/assets/images/ecommerce/jpg/21.jpg]
[codeigniter.spruko.com/zynix/zynix/assets/images/ecommerce/jpg/22.jpg]
[codeigniter.spruko.com/zynix/zynix/assets/images/ecommerce/jpg/23.jpg]
[codeigniter.spruko.com/zynix/zynix/ecommerce-details]
[codeigniter.spruko.com/zynix/zynix/assets/js/product-details.js]
[codeigniter.spruko.com/zynix/zynix/product-details.html]
[codeigniter.spruko.com/zynix/zynix/products-list.html]
[codeigniter.spruko.com/zynix/zynix/projects-list.html]
[codeigniter.spruko.com/zynix/zynix/assets/images/media/file-manager/3.png]
[codeigniter.spruko.com/zynix/zynix/assets/images/media/file-manager/1.png]
[codeigniter.spruko.com/zynix/zynix/projects-overview.html]
[codeigniter.spruko.com/zynix/zynix/assets/js/create-project.js]
[codeigniter.spruko.com/zynix/zynix/projects-create.html]
[codeigniter.spruko.com/zynix/zynix/assets/images/media/media-36.jpg]
[codeigniter.spruko.com/zynix/zynix/assets/images/media/media-69.jpg]
[codeigniter.spruko.com/zynix/zynix/assets/js/task-kanban-board.js]
[codeigniter.spruko.com/zynix/zynix/task-kanban-board.html]
[codeigniter.spruko.com/zynix/zynix/assets/js/task-list.js]
[codeigniter.spruko.com/zynix/zynix/task-list-view.html]
[codeigniter.spruko.com/zynix/zynix/task-details.html]
[codeigniter.spruko.com/zynix/zynix/assets/images/media/media-3.jpg]
[codeigniter.spruko.com/zynix/zynix/assets/js/job-details.js]
[codeigniter.spruko.com/zynix/zynix/job-details.html]
[codeigniter.spruko.com/zynix/zynix/assets/images/company-logos/10.png]
[codeigniter.spruko.com/zynix/zynix/assets/js/jobcompanysearch.js]
[codeigniter.spruko.com/zynix/zynix/job-company-search.html]
[codeigniter.spruko.com/zynix/zynix/assets/js/job-search.js]
[codeigniter.spruko.com/zynix/zynix/job-search.html]
[codeigniter.spruko.com/zynix/zynix/assets/js/jobs-post.js]
[codeigniter.spruko.com/zynix/zynix/job-post.html]
[codeigniter.spruko.com/zynix/zynix/job-list.html]
[codeigniter.spruko.com/zynix/zynix/assets/js/job-search-candidate.js]
[codeigniter.spruko.com/zynix/zynix/job-candidate-search.html]
[codeigniter.spruko.com/zynix/zynix/assets/images/media/media-75.jpg]
[codeigniter.spruko.com/zynix/zynix/assets/images/faces/team/5.png]
[codeigniter.spruko.com/zynix/zynix/assets/js/job-candidate-details.js]
[codeigniter.spruko.com/zynix/zynix/job-candidate-details.html]
[codeigniter.spruko.com/zynix/zynix/assets/images/nft-images/6.jpg]
[codeigniter.spruko.com/zynix/zynix/assets/images/nft-images/7.jpg]
[codeigniter.spruko.com/zynix/zynix/assets/images/nft-images/8.jpg]
[codeigniter.spruko.com/zynix/zynix/assets/images/nft-images/9.jpg]
[codeigniter.spruko.com/zynix/zynix/nft-marketplace.html]
[codeigniter.spruko.com/zynix/zynix/assets/images/nft-images/18.jpg]
[codeigniter.spruko.com/zynix/zynix/assets/js/nft-details.js]
[codeigniter.spruko.com/zynix/zynix/nft-details.html]
[codeigniter.spruko.com/zynix/zynix/assets/js/nft-create.js]
[codeigniter.spruko.com/zynix/zynix/nft-create.html]
[codeigniter.spruko.com/zynix/zynix/assets/images/nft-images/34.png]
[codeigniter.spruko.com/zynix/zynix/assets/images/nft-images/33.png]
[codeigniter.spruko.com/zynix/zynix/assets/images/nft-images/32.png]
[codeigniter.spruko.com/zynix/zynix/assets/images/nft-images/28.png]
[codeigniter.spruko.com/zynix/zynix/assets/images/nft-images/30.png]
[codeigniter.spruko.com/zynix/zynix/assets/images/nft-images/29.png]
[codeigniter.spruko.com/zynix/zynix/assets/images/nft-images/22.png]
[codeigniter.spruko.com/zynix/zynix/assets/images/nft-images/23.png]
[codeigniter.spruko.com/zynix/zynix/assets/images/nft-images/20.png]
[codeigniter.spruko.com/zynix/zynix/assets/images/nft-images/24.png]
[codeigniter.spruko.com/zynix/zynix/assets/images/nft-images/19.png]
[codeigniter.spruko.com/zynix/zynix/assets/images/nft-images/27.png]
[codeigniter.spruko.com/zynix/zynix/nft-wallet-integration.html]
[codeigniter.spruko.com/zynix/zynix/assets/images/nft-images/31.png]
[codeigniter.spruko.com/zynix/zynix/assets/images/nft-images/25.png]
[codeigniter.spruko.com/zynix/zynix/assets/images/nft-images/21.png]
[codeigniter.spruko.com/zynix/zynix/assets/images/nft-images/26.png]
[codeigniter.spruko.com/zynix/zynix/nft-live-auction.html]
[codeigniter.spruko.com/zynix/zynix/assets/js/crm-contacts.js]
[codeigniter.spruko.com/zynix/zynix/crm-contacts.html]
[codeigniter.spruko.com/zynix/zynix/assets/images/company-logos/11.png]
[codeigniter.spruko.com/zynix/zynix/assets/js/crm-companies.js]
[codeigniter.spruko.com/zynix/zynix/crm-companies.html]
[codeigniter.spruko.com/zynix/zynix/assets/js/crm-deals.js]
[codeigniter.spruko.com/zynix/zynix/crm-deals.html]
[codeigniter.spruko.com/zynix/zynix/assets/js/crm-leads.js]
[codeigniter.spruko.com/zynix/zynix/crm-leads.html]
[codeigniter.spruko.com/zynix/zynix/assets/js/crypto-transactions-list.js]
[codeigniter.spruko.com/zynix/zynix/crypto-transactions.html]
[codeigniter.spruko.com/zynix/zynix/assets/js/crypto-currency-exchange.js]
[codeigniter.spruko.com/zynix/zynix/crypto-currency-exchange.html]
[codeigniter.spruko.com/zynix/zynix/assets/js/crypto-buy_sell.js]
[codeigniter.spruko.com/zynix/zynix/crypto-buy-sell.html]
[codeigniter.spruko.com/zynix/zynix/assets/js/crypto-marketcap.js]
[codeigniter.spruko.com/zynix/zynix/crypto-marketcap.html]
[codeigniter.spruko.com/zynix/zynix/assets/images/media/media-68.png]
[codeigniter.spruko.com/zynix/zynix/crypto-wallet.html]
[codeigniter.spruko.com/zynix/zynix/assets/js/coming-soon.js]
[codeigniter.spruko.com/zynix/zynix/comingsoon.html]
[codeigniter.spruko.com/zynix/zynix/create-password-basic.html]
[codeigniter.spruko.com/zynix/zynix/assets/images/media/media-80.png]
[codeigniter.spruko.com/zynix/zynix/assets/js/cover-password.js]
[codeigniter.spruko.com/zynix/zynix/create-password-cover.html]
[codeigniter.spruko.com/zynix/zynix/lockscreen-basic.html]
[codeigniter.spruko.com/zynix/zynix/lockscreen-cover.html]
[codeigniter.spruko.com/zynix/zynix/reset-password-basic.html]
[codeigniter.spruko.com/zynix/zynix/reset-password-cover.html]
[codeigniter.spruko.com/zynix/zynix/signup-cover.html]
[codeigniter.spruko.com/zynix/zynix/signin-basic.html]
[codeigniter.spruko.com/zynix/zynix/signin-cover.html]
[codeigniter.spruko.com/zynix/zynix/assets/js/two-step-verification.js]
[codeigniter.spruko.com/zynix/zynix/twostep-verification-basic.html]
[codeigniter.spruko.com/zynix/zynix/twostep-verification-cover.html]
[codeigniter.spruko.com/zynix/zynix/under-maintenance.html]
[codeigniter.spruko.com/zynix/zynix/assets/js/error.js]
[codeigniter.spruko.com/zynix/zynix/error401.html]
[codeigniter.spruko.com/zynix/zynix/error404.html]
[codeigniter.spruko.com/zynix/zynix/error500.html]
[codeigniter.spruko.com/zynix/zynix/assets/images/media/blog/1.jpg]
[codeigniter.spruko.com/zynix/zynix/assets/images/media/blog/2.jpg]
[codeigniter.spruko.com/zynix/zynix/assets/images/media/blog/3.jpg]
[codeigniter.spruko.com/zynix/zynix/assets/images/media/blog/4.jpg]
[codeigniter.spruko.com/zynix/zynix/assets/images/media/blog/5.jpg]
[codeigniter.spruko.com/zynix/zynix/assets/images/media/blog/6.jpg]
[codeigniter.spruko.com/zynix/zynix/assets/images/media/blog/10.jpg]
[codeigniter.spruko.com/zynix/zynix/assets/images/media/blog/11.jpg]
[codeigniter.spruko.com/zynix/zynix/assets/images/media/blog/8.jpg]
[codeigniter.spruko.com/zynix/zynix/assets/images/media/blog/9.jpg]
[codeigniter.spruko.com/zynix/zynix/assets/images/media/blog/14.jpg]
[codeigniter.spruko.com/zynix/zynix/assets/images/media/blog/15.jpg]
[codeigniter.spruko.com/zynix/zynix/assets/images/media/blog/16.jpg]
[codeigniter.spruko.com/zynix/zynix/assets/images/media/blog/17.jpg]
[codeigniter.spruko.com/zynix/zynix/assets/images/media/blog/18.jpg]
[codeigniter.spruko.com/zynix/zynix/assets/images/media/blog/20.jpg]
[codeigniter.spruko.com/zynix/zynix/blog.html]
[codeigniter.spruko.com/zynix/zynix/assets/images/media/blog/19.jpg]
[codeigniter.spruko.com/zynix/zynix/assets/images/media/media-48.jpg]
[codeigniter.spruko.com/zynix/zynix/assets/images/media/media-49.jpg]
[codeigniter.spruko.com/zynix/zynix/assets/images/media/media-50.jpg]
[codeigniter.spruko.com/zynix/zynix/assets/images/media/media-51.jpg]
[codeigniter.spruko.com/zynix/zynix/assets/images/media/media-52.jpg]
[codeigniter.spruko.com/zynix/zynix/assets/images/media/media-53.jpg]
[codeigniter.spruko.com/zynix/zynix/assets/images/media/media-54.jpg]
[codeigniter.spruko.com/zynix/zynix/assets/images/media/media-55.jpg]
[codeigniter.spruko.com/zynix/zynix/assets/js/blog-details.js]
[codeigniter.spruko.com/zynix/zynix/blog-details.html]
[codeigniter.spruko.com/zynix/zynix/assets/js/blog-create.js]
[codeigniter.spruko.com/zynix/zynix/blog-create.html]
[codeigniter.spruko.com/zynix/zynix/empty.html]
[codeigniter.spruko.com/zynix/zynix/faqs.html]
[codeigniter.spruko.com/zynix/zynix/assets/images/media/file-manager/2.png]
[codeigniter.spruko.com/zynix/zynix/assets/libs/dropzone/dropzone-min.js]
[codeigniter.spruko.com/zynix/zynix/assets/js/file-manager.js]
[codeigniter.spruko.com/zynix/zynix/file-manager.html]
[codeigniter.spruko.com/zynix/zynix/assets/js/create-invoice.js]
[codeigniter.spruko.com/zynix/zynix/invoice-create.html]
[codeigniter.spruko.com/zynix/zynix/invoice-details.html]
[codeigniter.spruko.com/zynix/zynix/assets/js/invoice-list.js]
[codeigniter.spruko.com/zynix/zynix/invoice-list.html]
[codeigniter.spruko.com/zynix/zynix/assets/js/pricing.js]
[codeigniter.spruko.com/zynix/zynix/pricing.html]
[codeigniter.spruko.com/zynix/zynix/profile-settings.html]
[codeigniter.spruko.com/zynix/zynix/assets/images/media/media-78.png]
[codeigniter.spruko.com/zynix/zynix/assets/images/media/media-79.png]
[codeigniter.spruko.com/zynix/zynix/assets/images/media/landing/web/1.png]
[codeigniter.spruko.com/zynix/zynix/assets/images/media/landing/web/2.png]
[codeigniter.spruko.com/zynix/zynix/assets/images/media/landing/web/4.png]
[codeigniter.spruko.com/zynix/zynix/assets/images/media/landing/web/5.png]
[codeigniter.spruko.com/zynix/zynix/assets/images/media/landing/web/6.png]
[codeigniter.spruko.com/zynix/zynix/assets/images/faces/team/1.png]
[codeigniter.spruko.com/zynix/zynix/assets/images/faces/team/2.png]
[codeigniter.spruko.com/zynix/zynix/assets/images/faces/team/3.png]
[codeigniter.spruko.com/zynix/zynix/assets/images/faces/team/4.png]
[codeigniter.spruko.com/zynix/zynix/assets/js/landing.js]
[codeigniter.spruko.com/zynix/zynix/assets/js/landing-main.js]
[codeigniter.spruko.com/zynix/zynix/landing.html]
[codeigniter.spruko.com/zynix/zynix/assets/js/reviews.js]
[codeigniter.spruko.com/zynix/zynix/reviews.html]
[codeigniter.spruko.com/zynix/zynix/assets/images/media/media-25.jpg]
[codeigniter.spruko.com/zynix/zynix/assets/images/media/media-27.jpg]
[codeigniter.spruko.com/zynix/zynix/assets/images/media/media-28.jpg]
[codeigniter.spruko.com/zynix/zynix/assets/images/media/media-29.jpg]
[codeigniter.spruko.com/zynix/zynix/assets/images/media/books/6.jpg]
[codeigniter.spruko.com/zynix/zynix/assets/images/media/books/1.jpg]
[codeigniter.spruko.com/zynix/zynix/assets/images/media/books/2.jpg]
[codeigniter.spruko.com/zynix/zynix/assets/images/media/books/3.jpg]
[codeigniter.spruko.com/zynix/zynix/assets/images/media/books/4.jpg]
[codeigniter.spruko.com/zynix/zynix/assets/images/media/books/5.jpg]
[codeigniter.spruko.com/zynix/zynix/assets/images/media/media-33.jpg]
[codeigniter.spruko.com/zynix/zynix/assets/js/search-results.js]
[codeigniter.spruko.com/zynix/zynix/search-results.html]
[codeigniter.spruko.com/zynix/zynix/assets/images/faces/team/6.png]
[codeigniter.spruko.com/zynix/zynix/assets/images/faces/team/7.png]
[codeigniter.spruko.com/zynix/zynix/assets/images/faces/team/8.png]
[codeigniter.spruko.com/zynix/zynix/team.html]
[codeigniter.spruko.com/zynix/zynix/terms-conditions.html]
[codeigniter.spruko.com/zynix/zynix/timeline.html]
[codeigniter.spruko.com/zynix/zynix/assets/libs/intl-tel-input/build/js/intlTelInput.min.js]
[codeigniter.spruko.com/zynix/zynix/assets/libs/@yaireo/tagify/tagify.js]
[codeigniter.spruko.com/zynix/zynix/assets/libs/@yaireo/dragsort/dragsort.js]
[codeigniter.spruko.com/zynix/zynix/assets/libs/dual-listbox/dual-listbox.js]
[codeigniter.spruko.com/zynix/zynix/assets/js/form-advanced.js]
[codeigniter.spruko.com/zynix/zynix/assets/js/tagify.js]
[codeigniter.spruko.com/zynix/zynix/form-advanced.html]
[codeigniter.spruko.com/zynix/zynix/assets/libs/prismjs/prism.js]
[codeigniter.spruko.com/zynix/zynix/assets/js/prism-custom.js]
[codeigniter.spruko.com/zynix/zynix/form-inputs.html]
[codeigniter.spruko.com/zynix/zynix/form-check-radios.html]
[codeigniter.spruko.com/zynix/zynix/form-input-group.html]
[codeigniter.spruko.com/zynix/zynix/assets/js/choices.js]
[codeigniter.spruko.com/zynix/zynix/form-select.html]
[codeigniter.spruko.com/zynix/zynix/assets/js/nouislider.js]
[codeigniter.spruko.com/zynix/zynix/form-range.html]
[codeigniter.spruko.com/zynix/zynix/assets/libs/cleave.js/cleave.min.js]
[codeigniter.spruko.com/zynix/zynix/assets/js/form-input-mask.js]
[codeigniter.spruko.com/zynix/zynix/form-input-masks.html]
[codeigniter.spruko.com/zynix/zynix/assets/js/fileupload.js]
[codeigniter.spruko.com/zynix/zynix/form-file-uploads.html]
[codeigniter.spruko.com/zynix/zynix/assets/js/date&time_pickers.js]
[codeigniter.spruko.com/zynix/zynix/form-datetime-pickers.html]
[codeigniter.spruko.com/zynix/zynix/assets/js/color-picker.js]
[codeigniter.spruko.com/zynix/zynix/form-color-pickers.html]
[codeigniter.spruko.com/zynix/zynix/floating-labels.html]
[codeigniter.spruko.com/zynix/zynix/form-layout.html]
[codeigniter.spruko.com/zynix/zynix/assets/images/ecommerce/png/26.png]
[codeigniter.spruko.com/zynix/zynix/assets/images/ecommerce/png/27.png]
[codeigniter.spruko.com/zynix/zynix/assets/images/ecommerce/png/24.png]
[codeigniter.spruko.com/zynix/zynix/assets/libs/vanilla-wizard/js/wizard.min.js]
[codeigniter.spruko.com/zynix/zynix/assets/js/form-wizard.js]
[codeigniter.spruko.com/zynix/zynix/assets/js/form-wizard-init.js]
[codeigniter.spruko.com/zynix/zynix/form-wizards.html]
[codeigniter.spruko.com/zynix/zynix/assets/js/quill-editor.js]
[codeigniter.spruko.com/zynix/zynix/quill-editor.html]
[codeigniter.spruko.com/zynix/zynix/assets/js/validation.js]
[codeigniter.spruko.com/zynix/zynix/form-validation.html]
[cdn.jsdelivr.net/npm/select2@4.1.0-rc.0/dist/css/select2.min.css]
[code.jquery.com/jquery-3.6.1.min.js]
[cdn.jsdelivr.net/npm/select2@4.1.0-rc.0/dist/js/select2.min.js]
[codeigniter.spruko.com/zynix/zynix/assets/js/select2.js]
[codeigniter.spruko.com/zynix/zynix/form-select2.html]
[codeigniter.spruko.com/zynix/zynix/assets/js/alerts.js]
[codeigniter.spruko.com/zynix/zynix/alerts.html]
[codeigniter.spruko.com/zynix/zynix/badge.html]
[codeigniter.spruko.com/zynix/zynix/breadcrumb.html]
[codeigniter.spruko.com/zynix/zynix/buttons.html]
[codeigniter.spruko.com/zynix/zynix/buttongroup.html]
[codeigniter.spruko.com/zynix/zynix/assets/images/media/media-24.jpg]
[codeigniter.spruko.com/zynix/zynix/assets/images/media/media-22.jpg]
[codeigniter.spruko.com/zynix/zynix/assets/images/media/media-9.jpg]
[codeigniter.spruko.com/zynix/zynix/assets/images/media/media-35.jpg]
[codeigniter.spruko.com/zynix/zynix/assets/images/media/media-34.jpg]
[codeigniter.spruko.com/zynix/zynix/assets/images/media/media-37.jpg]
[codeigniter.spruko.com/zynix/zynix/assets/images/media/media-38.jpg]
[codeigniter.spruko.com/zynix/zynix/assets/images/media/media-39.jpg]
[codeigniter.spruko.com/zynix/zynix/cards.html]
[codeigniter.spruko.com/zynix/zynix/dropdowns.html]
[codeigniter.spruko.com/zynix/zynix/assets/images/media/media-56.jpg]
[codeigniter.spruko.com/zynix/zynix/assets/images/media/media-57.jpg]
[codeigniter.spruko.com/zynix/zynix/images-figures.html]
[codeigniter.spruko.com/zynix/zynix/links-interactions.html]
[codeigniter.spruko.com/zynix/zynix/listgroup.html]
[codeigniter.spruko.com/zynix/zynix/assets/images/ecommerce/jpg/4.jpg]
[codeigniter.spruko.com/zynix/zynix/navs-tabs.html]
[codeigniter.spruko.com/zynix/zynix/assets/video/1.mp4]
[codeigniter.spruko.com/zynix/zynix/object-fit.html]
[codeigniter.spruko.com/zynix/zynix/pagination.html]
[codeigniter.spruko.com/zynix/zynix/popovers.html]
[codeigniter.spruko.com/zynix/zynix/progress.html]
[codeigniter.spruko.com/zynix/zynix/spinners.html]
[codeigniter.spruko.com/zynix/zynix/assets/libs/toastify-js/src/toastify.js]
[codeigniter.spruko.com/zynix/zynix/assets/js/toasts.js]
[codeigniter.spruko.com/zynix/zynix/toasts.html]
[codeigniter.spruko.com/zynix/zynix/tooltips.html]
[codeigniter.spruko.com/zynix/zynix/typography.html]
[codeigniter.spruko.com/zynix/zynix/accordions-collapse.html]
[codeigniter.spruko.com/zynix/zynix/assets/images/media/media-13.jpg]
[codeigniter.spruko.com/zynix/zynix/assets/images/media/media-14.jpg]
[codeigniter.spruko.com/zynix/zynix/assets/images/media/media-18.jpg]
[codeigniter.spruko.com/zynix/zynix/assets/images/media/media-63.jpg]
[codeigniter.spruko.com/zynix/zynix/assets/images/media/media-64.jpg]
[codeigniter.spruko.com/zynix/zynix/carousel.html]
[codeigniter.spruko.com/zynix/zynix/assets/js/draggable-cards.js]
[codeigniter.spruko.com/zynix/zynix/draggable-cards.html]
[cdn.plyr.io/static/demo/View_From_A_Blue_Moon_Trailer-HD.jpg]
[codeigniter.spruko.com/zynix/zynix/assets/audio/perfect-beauty.mp3]
[codeigniter.spruko.com/zynix/zynix/assets/libs/plyr/plyr.min.js]
[codeigniter.spruko.com/zynix/zynix/assets/js/media-player.js]
[codeigniter.spruko.com/zynix/zynix/media-player.html]
[codeigniter.spruko.com/zynix/zynix/assets/js/modal.js]
[codeigniter.spruko.com/zynix/zynix/modals-closes.html]
[codeigniter.spruko.com/zynix/zynix/navbar.html]
[codeigniter.spruko.com/zynix/zynix/offcanvas.html]
[codeigniter.spruko.com/zynix/zynix/placeholders.html]
[codeigniter.spruko.com/zynix/zynix/assets/libs/rater-js/index.js]
[codeigniter.spruko.com/zynix/zynix/assets/js/ratings.js]
[codeigniter.spruko.com/zynix/zynix/ratings.html]
[codeigniter.spruko.com/zynix/zynix/ribbons.html]
[codeigniter.spruko.com/zynix/zynix/scrollspy.html]
[codeigniter.spruko.com/zynix/zynix/assets/libs/sortablejs/Sortable.min.js]
[codeigniter.spruko.com/zynix/zynix/assets/js/sortable.js]
[codeigniter.spruko.com/zynix/zynix/sortable-list.html]
[codeigniter.spruko.com/zynix/zynix/assets/images/media/media-21.jpg]
[codeigniter.spruko.com/zynix/zynix/assets/images/media/media-17.jpg]
[codeigniter.spruko.com/zynix/zynix/assets/images/media/media-16.jpg]
[codeigniter.spruko.com/zynix/zynix/assets/images/media/media-12.jpg]
[codeigniter.spruko.com/zynix/zynix/assets/images/media/media-8.jpg]
[codeigniter.spruko.com/zynix/zynix/assets/images/media/media-5.jpg]
[codeigniter.spruko.com/zynix/zynix/assets/images/media/media-19.jpg]
[codeigniter.spruko.com/zynix/zynix/assets/images/media/media-20.jpg]
[codeigniter.spruko.com/zynix/zynix/assets/images/media/media-2.jpg]
[codeigniter.spruko.com/zynix/zynix/assets/images/media/media-11.jpg]
[codeigniter.spruko.com/zynix/zynix/assets/images/media/media-6.jpg]
[codeigniter.spruko.com/zynix/zynix/assets/images/media/media-7.jpg]
[codeigniter.spruko.com/zynix/zynix/assets/js/swiper.js]
[codeigniter.spruko.com/zynix/zynix/swiperjs.html]
[codeigniter.spruko.com/zynix/zynix/assets/libs/shepherd.js/js/shepherd.min.js]
[codeigniter.spruko.com/zynix/zynix/assets/js/tour.js]
[codeigniter.spruko.com/zynix/zynix/tour.html]
[codeigniter.spruko.com/zynix/zynix/assets/libs/js-treeview/treeview.min.js]
[codeigniter.spruko.com/zynix/zynix/assets/js/treeview.js]
[codeigniter.spruko.com/zynix/zynix/treeview.html]
[codeigniter.spruko.com/zynix/zynix/avatars.html]
[codeigniter.spruko.com/zynix/zynix/assets/images/media/media-58.jpg]
[codeigniter.spruko.com/zynix/zynix/borders.html]
[codeigniter.spruko.com/zynix/zynix/breakpoints.html]
[codeigniter.spruko.com/zynix/zynix/colors.html]
[codeigniter.spruko.com/zynix/zynix/columns.html]
[codeigniter.spruko.com/zynix/zynix/css-grid.html]
[codeigniter.spruko.com/zynix/zynix/flex.html]
[codeigniter.spruko.com/zynix/zynix/gutters.html]
[codeigniter.spruko.com/zynix/zynix/helpers.html]
[codeigniter.spruko.com/zynix/zynix/position.html]
[codeigniter.spruko.com/zynix/zynix/more.html]
[codeigniter.spruko.com/zynix/zynix/assets/js/widgets.js]
[codeigniter.spruko.com/zynix/zynix/widgets.html]
[codeigniter.spruko.com/zynix/zynix/assets/libs/jsvectormap/jsvectormap.min.js]
[codeigniter.spruko.com/zynix/zynix/assets/libs/jsvectormap/maps/world-merc.js]
[codeigniter.spruko.com/zynix/zynix/assets/js/us-merc-en.js]
[codeigniter.spruko.com/zynix/zynix/assets/js/russia.js]
[codeigniter.spruko.com/zynix/zynix/assets/js/spain.js]
[codeigniter.spruko.com/zynix/zynix/assets/js/canada.js]
[codeigniter.spruko.com/zynix/zynix/assets/js/jsvectormap.js]
[codeigniter.spruko.com/zynix/zynix/vector-maps.html]
[codeigniter.spruko.com/zynix/zynix/assets/libs/leaflet/leaflet.js]
[codeigniter.spruko.com/zynix/zynix/assets/js/leaflet.js]
[codeigniter.spruko.com/zynix/zynix/leaflet-maps.html]
[codeigniter.spruko.com/zynix/zynix/assets/libs/gmaps/gmaps.min.js]
[codeigniter.spruko.com/zynix/zynix/assets/js/google-maps.js]
[codeigniter.spruko.com/zynix/zynix/google-maps.html]
[codeigniter.spruko.com/zynix/zynix/icons.html]
[codeigniter.spruko.com/zynix/zynix/assets/js/dataseries.js]
[codeigniter.spruko.com/zynix/zynix/assets/js/apexcharts-stock-prices.js]
[codeigniter.spruko.com/zynix/zynix/assets/js/apexcharts-line.js]
[codeigniter.spruko.com/zynix/zynix/apex-line-charts.html]
[codeigniter.spruko.com/zynix/zynix/assets/js/apex-github-data.js]
[codeigniter.spruko.com/zynix/zynix/assets/js/apexcharts-irregulardata.js]
[codeigniter.spruko.com/zynix/zynix/assets/libs/moment/min/moment.min.js]
[codeigniter.spruko.com/zynix/zynix/assets/js/apexcharts-area.js]
[codeigniter.spruko.com/zynix/zynix/apex-area-charts.html]
[codeigniter.spruko.com/zynix/zynix/assets/js/apexcharts-column.js]
[codeigniter.spruko.com/zynix/zynix/apex-column-charts.html]
[codeigniter.spruko.com/zynix/zynix/assets/js/apexcharts-bar.js]
[codeigniter.spruko.com/zynix/zynix/apex-bar-charts.html]
[codeigniter.spruko.com/zynix/zynix/assets/js/apexcharts-mixed.js]
[codeigniter.spruko.com/zynix/zynix/apex-mixed-charts.html]
[codeigniter.spruko.com/zynix/zynix/assets/js/apexcharts-rangearea.js]
[codeigniter.spruko.com/zynix/zynix/apex-rangearea-charts.html]
[codeigniter.spruko.com/zynix/zynix/assets/js/apexcharts-timeline.js]
[codeigniter.spruko.com/zynix/zynix/apex-timeline-charts.html]
[codeigniter.spruko.com/zynix/zynix/assets/js/apexcharts-funnel.js]
[codeigniter.spruko.com/zynix/zynix/apex-funnel-charts.html]
[codeigniter.spruko.com/zynix/zynix/assets/js/apexcharts-candlestick-seriesdata.js]
[codeigniter.spruko.com/zynix/zynix/assets/js/apexcharts-dayjs.js]
[codeigniter.spruko.com/zynix/zynix/assets/js/apexcharts-candlestick.js]
[codeigniter.spruko.com/zynix/zynix/apex-candlestick-charts.html]
[codeigniter.spruko.com/zynix/zynix/assets/js/apexcharts-boxplot.js]
[codeigniter.spruko.com/zynix/zynix/apex-boxplot-charts.html]
[codeigniter.spruko.com/zynix/zynix/assets/js/apexcharts-bubble.js]
[codeigniter.spruko.com/zynix/zynix/apex-bubble-charts.html]
[codeigniter.spruko.com/zynix/zynix/assets/js/apexcharts-scatter.js]
[codeigniter.spruko.com/zynix/zynix/apex-scatter-charts.html]
[codeigniter.spruko.com/zynix/zynix/assets/js/apexcharts-heatmap.js]
[codeigniter.spruko.com/zynix/zynix/apex-heatmap-charts.html]
[codeigniter.spruko.com/zynix/zynix/assets/js/apexcharts-treemap.js]
[codeigniter.spruko.com/zynix/zynix/apex-treemap-charts.html]
[codeigniter.spruko.com/zynix/zynix/assets/js/apexcharts-pie.js]
[codeigniter.spruko.com/zynix/zynix/apex-pie-charts.html]
[codeigniter.spruko.com/zynix/zynix/assets/js/apexcharts-radialbar.js]
[codeigniter.spruko.com/zynix/zynix/apex-radialbar-charts.html]
[codeigniter.spruko.com/zynix/zynix/assets/js/apexcharts-radar.js]
[codeigniter.spruko.com/zynix/zynix/apex-radar-charts.html]
[codeigniter.spruko.com/zynix/zynix/assets/js/apexcharts-polararea.js]
[codeigniter.spruko.com/zynix/zynix/apex-polararea-charts.html]
[codeigniter.spruko.com/zynix/zynix/assets/libs/chart.js/chart.umd.js]
[codeigniter.spruko.com/zynix/zynix/assets/js/chartjs-charts.js]
[codeigniter.spruko.com/zynix/zynix/chartjs-charts.html]
[codeigniter.spruko.com/zynix/zynix/assets/libs/echarts/echarts.min.js]
[codeigniter.spruko.com/zynix/zynix/assets/js/echarts.js]
[codeigniter.spruko.com/zynix/zynix/echarts.html]
[codeigniter.spruko.com/zynix/zynix/tables.html]
[codeigniter.spruko.com/zynix/zynix/assets/libs/gridjs/gridjs.umd.js]
[codeigniter.spruko.com/zynix/zynix/assets/js/grid.js]
[codeigniter.spruko.com/zynix/zynix/grid-tables.html]
[cdn.datatables.net/1.12.1/css/dataTables.bootstrap5.min.css]
[cdn.datatables.net/responsive/2.3.0/css/responsive.bootstrap.min.css]
[cdn.datatables.net/buttons/2.2.3/css/buttons.bootstrap5.min.css]
[cdn.datatables.net/1.12.1/js/jquery.dataTables.min.js]
[cdn.datatables.net/1.12.1/js/dataTables.bootstrap5.min.js]
[cdn.datatables.net/responsive/2.3.0/js/dataTables.responsive.min.js]
[cdn.datatables.net/buttons/2.2.3/js/dataTables.buttons.min.js]
[cdn.datatables.net/buttons/2.2.3/js/buttons.print.min.js]
[cdnjs.cloudflare.com/ajax/libs/pdfmake/0.2.6/pdfmake.min.js]
[cdnjs.cloudflare.com/ajax/libs/pdfmake/0.1.53/vfs_fonts.js]
[cdn.datatables.net/buttons/2.2.3/js/buttons.html5.min.js]
[cdnjs.cloudflare.com/ajax/libs/jszip/3.10.1/jszip.min.js]
[codeigniter.spruko.com/zynix/zynix/assets/js/datatables.js]
[codeigniter.spruko.com/zynix/zynix/data-tables.html]
[codeigniter.spruko.com/zynix/zynix/assets/images/media/svg/pattren-3.svg]
[codeigniter.spruko.com/zynix/zynix/assets/images/marketplace/deals/1.html]
[codeigniter.spruko.com/zynix/zynix/assets/images/realestate/3.html]
[codeigniter.spruko.com/zynix/zynix/assets/images/media/svg/pattern-1.svg]
[codeigniter.spruko.com/zynix/zynix/assets/images/media/svg/pattern-2.svg]
[codeigniter.spruko.com/zynix/zynix/assets/icon-fonts/RemixIcons/fonts/remixicon117c.eot]
[codeigniter.spruko.com/zynix/zynix/assets/icon-fonts/RemixIcons/fonts/remixicon117c.woff2]
[codeigniter.spruko.com/zynix/zynix/assets/icon-fonts/RemixIcons/fonts/remixicon117c.woff]
[codeigniter.spruko.com/zynix/zynix/assets/icon-fonts/RemixIcons/fonts/remixicon117c.ttf]
[codeigniter.spruko.com/zynix/zynix/assets/icon-fonts/RemixIcons/fonts/remixicon.css]
[codeigniter.spruko.com/zynix/zynix/assets/icon-fonts/feather/fonts/feather/feather-webfont6cfa.eot]
[codeigniter.spruko.com/zynix/zynix/assets/icon-fonts/feather/fonts/feather/feather-webfont.ttf]
[codeigniter.spruko.com/zynix/zynix/assets/icon-fonts/feather/feather.css]
[codeigniter.spruko.com/zynix/zynix/assets/icon-fonts/bootstrap-icons/icons/font/fonts/bootstrap-iconsafdf.woff2]
[codeigniter.spruko.com/zynix/zynix/assets/icon-fonts/bootstrap-icons/icons/font/fonts/bootstrap-iconsafdf.woff]
[codeigniter.spruko.com/zynix/zynix/assets/icon-fonts/bootstrap-icons/icons/font/bootstrap-icons.css]
[codeigniter.spruko.com/zynix/zynix/assets/icon-fonts/tabler-icons/webfont/fonts/tabler-icons2d35.eot]
[codeigniter.spruko.com/zynix/zynix/assets/icon-fonts/tabler-icons/webfont/fonts/tabler-iconsd41d.eot]
[codeigniter.spruko.com/zynix/zynix/assets/icon-fonts/tabler-icons/webfont/fonts/tabler-icons2d35.woff2]
[codeigniter.spruko.com/zynix/zynix/assets/icon-fonts/tabler-icons/webfont/fonts/tabler-iconsd41d.woff]
[codeigniter.spruko.com/zynix/zynix/assets/icon-fonts/tabler-icons/webfont/fonts/tabler-icons2d35.ttf]
[codeigniter.spruko.com/zynix/zynix/assets/icon-fonts/tabler-icons/webfont/tabler-icons.css]
[codeigniter.spruko.com/zynix/zynix/assets/icon-fonts/line-awesome/1.3.0/fonts/la-brands-400.eot]
[codeigniter.spruko.com/zynix/zynix/assets/icon-fonts/line-awesome/1.3.0/fonts/la-brands-400d41d.eot]
[codeigniter.spruko.com/zynix/zynix/assets/icon-fonts/line-awesome/1.3.0/fonts/la-brands-400.woff2]
[codeigniter.spruko.com/zynix/zynix/assets/icon-fonts/line-awesome/1.3.0/fonts/la-brands-400.woff]
[codeigniter.spruko.com/zynix/zynix/assets/icon-fonts/line-awesome/1.3.0/fonts/la-brands-400.ttf]
[codeigniter.spruko.com/zynix/zynix/assets/icon-fonts/line-awesome/1.3.0/fonts/la-regular-400.eot]
[codeigniter.spruko.com/zynix/zynix/assets/icon-fonts/line-awesome/1.3.0/fonts/la-regular-400d41d.eot]
[codeigniter.spruko.com/zynix/zynix/assets/icon-fonts/line-awesome/1.3.0/fonts/la-regular-400.woff2]
[codeigniter.spruko.com/zynix/zynix/assets/icon-fonts/line-awesome/1.3.0/fonts/la-regular-400.woff]
[codeigniter.spruko.com/zynix/zynix/assets/icon-fonts/line-awesome/1.3.0/fonts/la-regular-400.ttf]
[codeigniter.spruko.com/zynix/zynix/assets/icon-fonts/line-awesome/1.3.0/fonts/la-solid-900.eot]
[codeigniter.spruko.com/zynix/zynix/assets/icon-fonts/line-awesome/1.3.0/fonts/la-solid-900d41d.eot]
[codeigniter.spruko.com/zynix/zynix/assets/icon-fonts/line-awesome/1.3.0/fonts/la-solid-900.woff2]
[codeigniter.spruko.com/zynix/zynix/assets/icon-fonts/line-awesome/1.3.0/fonts/la-solid-900.woff]
[codeigniter.spruko.com/zynix/zynix/assets/icon-fonts/line-awesome/1.3.0/fonts/la-solid-900.ttf]
[codeigniter.spruko.com/zynix/zynix/assets/icon-fonts/line-awesome/1.3.0/css/line-awesome.css]
[codeigniter.spruko.com/zynix/zynix/assets/icon-fonts/boxicons/fonts/boxicons.eot]
[codeigniter.spruko.com/zynix/zynix/assets/icon-fonts/boxicons/fonts/boxicons.woff2]
[codeigniter.spruko.com/zynix/zynix/assets/icon-fonts/boxicons/fonts/boxicons.woff]
[codeigniter.spruko.com/zynix/zynix/assets/icon-fonts/boxicons/fonts/boxicons.ttf]
[codeigniter.spruko.com/zynix/zynix/assets/icon-fonts/boxicons/css/boxicons.css]
[codeigniter.spruko.com/zynix/zynix/assets/libs/@tarekraafat/autocomplete.js/css/images/search.svg]
[codeigniter.spruko.com/zynix/zynix/assets/libs/sweetalert2/sweetalert2.min.css]
[codeigniter.spruko.com/zynix/zynix/assets/libs/glightbox/css/glightbox.min.css]
[codeigniter.spruko.com/zynix/zynix/twitter.com/wcsrm.html]
[codeigniter.spruko.com/zynix/zynix/assets/libs/quill/quill.snow.css]
[codeigniter.spruko.com/zynix/zynix/assets/libs/quill/quill.bubble.css]
[codeigniter.spruko.com/zynix/zynix/assets/libs/dragula/dragula.min.css]
[codeigniter.spruko.com/zynix/zynix/assets/libs/swiper/swiper-bundle.min.css]
[codeigniter.spruko.com/zynix/zynix/assets/images/crypto-currencies/crypto-icons/bitcoin-btc-logo.svg]
[codeigniter.spruko.com/zynix/zynix/assets/images/crypto-currencies/crypto-icons/binance-usd-busd-logo.svg]
[codeigniter.spruko.com/zynix/zynix/assets/images/crypto-currencies/crypto-icons/cardano-ada-logo.svg]
[codeigniter.spruko.com/zynix/zynix/assets/images/crypto-currencies/crypto-icons/ethereum-eth-logo.svg]
[codeigniter.spruko.com/zynix/zynix/assets/images/crypto-currencies/crypto-icons/tether-usdt-logo.svg]
[codeigniter.spruko.com/zynix/zynix/assets/images/crypto-currencies/crypto-icons/xrp-xrp-logo.svg]
[codeigniter.spruko.com/zynix/zynix/assets/images/crypto-currencies/crypto-icons/solana-sol-logo.svg]
[codeigniter.spruko.com/zynix/zynix/assets/images/crypto-currencies/crypto-icons/tron-trx-logo.svg]
[codeigniter.spruko.com/zynix/zynix/assets/images/crypto-currencies/square-color/Ethereum.svg]
[codeigniter.spruko.com/zynix/zynix/assets/images/crypto-currencies/regular/Ethereum.svg]
[codeigniter.spruko.com/zynix/zynix/assets/images/crypto-currencies/regular/Bitcoin.svg]
[codeigniter.spruko.com/zynix/zynix/assets/libs/filepond/filepond.min.css]
[codeigniter.spruko.com/zynix/zynix/assets/libs/filepond-plugin-image-preview/filepond-plugin-image-preview.min.css]
[codeigniter.spruko.com/zynix/zynix/assets/libs/filepond-plugin-image-edit/filepond-plugin-image-edit.min.css]
[codeigniter.spruko.com/zynix/zynix/assets/libs/nouislider/nouislider.min.css]
[codeigniter.spruko.com/zynix/zynix/ecommerce-details.html]
[codeigniter.spruko.com/zynix/zynix/assets/images/crypto-currencies/regular/Dash.svg]
[codeigniter.spruko.com/zynix/zynix/assets/images/crypto-currencies/regular/Euro.svg]
[codeigniter.spruko.com/zynix/zynix/assets/images/crypto-currencies/regular/Golem.svg]
[codeigniter.spruko.com/zynix/zynix/assets/images/crypto-currencies/regular/litecoin.svg]
[codeigniter.spruko.com/zynix/zynix/assets/images/crypto-currencies/regular/Ripple.svg]
[codeigniter.spruko.com/zynix/zynix/assets/images/crypto-currencies/regular/monero.svg]
[codeigniter.spruko.com/zynix/zynix/assets/images/crypto-currencies/regular/Zcash.svg]
[codeigniter.spruko.com/zynix/zynix/assets/images/crypto-currencies/regular/Decred.svg]
[codeigniter.spruko.com/zynix/zynix/assets/images/crypto-currencies/square-color/Bitcoin.svg]
[codeigniter.spruko.com/zynix/zynix/assets/images/crypto-currencies/square-color/Dash.svg]
[codeigniter.spruko.com/zynix/zynix/assets/images/crypto-currencies/square-color/Litecoin.svg]
[codeigniter.spruko.com/zynix/zynix/assets/images/crypto-currencies/square-color/Ripple.svg]
[codeigniter.spruko.com/zynix/zynix/assets/images/crypto-currencies/square-color/Golem.svg]
[codeigniter.spruko.com/zynix/zynix/assets/images/crypto-currencies/square-color/Monero.svg]
[codeigniter.spruko.com/zynix/zynix/assets/images/crypto-currencies/square-color/EOS.svg]
[codeigniter.spruko.com/zynix/zynix/assets/images/crypto-currencies/regular/EOS.svg]
[codeigniter.spruko.com/zynix/zynix/assets/libs/dropzone/dropzone.css]
[codeigniter.spruko.com/zynix/zynix/assets/libs/intl-tel-input/build/img/flagsc4ca.png]
[codeigniter.spruko.com/zynix/zynix/assets/libs/intl-tel-input/build/img/flags@2xc4ca.png]
[codeigniter.spruko.com/zynix/zynix/assets/libs/intl-tel-input/build/img/globe.png]
[codeigniter.spruko.com/zynix/zynix/assets/libs/intl-tel-input/build/img/globe@2x.png]
[codeigniter.spruko.com/zynix/zynix/assets/libs/intl-tel-input/build/css/intlTelInput.min.css]
[codeigniter.spruko.com/zynix/zynix/assets/libs/@yaireo/tagify/tagify.css]
[codeigniter.spruko.com/zynix/zynix/assets/libs/@yaireo/dragsort/dragsort.css]
[codeigniter.spruko.com/zynix/zynix/assets/libs/dual-listbox/dual-listbox.css]
[codeigniter.spruko.com/zynix/zynix/assets/libs/prismjs/themes/prism-coy.min.css]
[codeigniter.spruko.com/zynix/zynix/assets/libs/@simonwep/pickr/themes/classic.min.css]
[codeigniter.spruko.com/zynix/zynix/assets/libs/@simonwep/pickr/themes/monolith.min.css]
[cdn.jsdelivr.net/npm/select2@4.1.0-rc.0/dist/css/select2.min.css]
[codeigniter.spruko.com/zynix/zynix/assets/libs/toastify-js/src/toastify.css]
[codeigniter.spruko.com/zynix/zynix/assets/libs/plyr/plyr.css]
[codeigniter.spruko.com/zynix/zynix/assets/libs/shepherd.js/css/shepherd.css]
[codeigniter.spruko.com/zynix/zynix/assets/libs/js-treeview/treeview.min.css]
[codeigniter.spruko.com/zynix/zynix/assets/libs/jsvectormap/jsvectormap.min.css]
[codeigniter.spruko.com/zynix/zynix/assets/libs/leaflet/images/layers.png]
[codeigniter.spruko.com/zynix/zynix/assets/libs/leaflet/images/layers-2x.png]
[codeigniter.spruko.com/zynix/zynix/assets/libs/leaflet/images/marker-icon.png]
[codeigniter.spruko.com/zynix/zynix/assets/libs/leaflet/leaflet.css]
[codeigniter.spruko.com/zynix/zynix/assets/libs/apexcharts/apexcharts.css]
[codeigniter.spruko.com/zynix/zynix/assets/libs/gridjs/theme/mermaid.min.css]
[cdn.datatables.net/1.12.1/css/dataTables.bootstrap5.min.css]
[cdn.datatables.net/responsive/2.3.0/css/responsive.bootstrap.min.css]
[cdn.datatables.net/buttons/2.2.3/css/buttons.bootstrap5.min.css]
[codeigniter.spruko.com/zynix/zynix/assets/icon-fonts/RemixIcons/fonts/remixicon117c.svg]
[codeigniter.spruko.com/zynix/zynix/assets/icon-fonts/feather/fonts/feather/feather-webfont.svg]
[codeigniter.spruko.com/zynix/zynix/assets/icon-fonts/line-awesome/1.3.0/fonts/la-brands-400.svg]
[codeigniter.spruko.com/zynix/zynix/assets/icon-fonts/line-awesome/1.3.0/fonts/la-regular-400.svg]
[codeigniter.spruko.com/zynix/zynix/assets/icon-fonts/line-awesome/1.3.0/fonts/la-solid-900.svg]
[codeigniter.spruko.com/zynix/zynix/assets/icon-fonts/boxicons/fonts/boxiconsd41d.svg]
